unified.blob                                            : 0      : 4096 
circle_70x70_72x72_COMPRESSED_RGBA_ASTC_4x4_KHR.raw     : 4096   : 5184 
circle_90x90_92x92_COMPRESSED_RGBA_ASTC_4x4_KHR.raw     : 9280   : 8512 
circle_140x140_140x140_COMPRESSED_RGBA_ASTC_4x4_KHR.raw : 17792  : 19648
knob_250x250_252x252_COMPRESSED_RGBA_ASTC_4x4_KHR.raw   : 37440  : 63552
loop1_72x72_COMPRESSED_RGBA_ASTC_4x4_KHR.raw            : 100992 : 5184 
loopall_72x72_COMPRESSED_RGBA_ASTC_4x4_KHR.raw          : 106176 : 5184 
loopoff_72x72_COMPRESSED_RGBA_ASTC_4x4_KHR.raw          : 111360 : 5184 
mixoff_48x48_COMPRESSED_RGBA_ASTC_4x4_KHR.raw           : 116544 : 2304 
mixon_48x48_COMPRESSED_RGBA_ASTC_4x4_KHR.raw            : 118848 : 2304 
mute_48x48_COMPRESSED_RGBA_ASTC_4x4_KHR.raw             : 121152 : 2304 
next_36x28_COMPRESSED_RGBA_ASTC_4x4_KHR.raw             : 123456 : 1024 
pause_36x28_COMPRESSED_RGBA_ASTC_4x4_KHR.raw            : 124480 : 1024 
play_36x28_COMPRESSED_RGBA_ASTC_4x4_KHR.raw             : 125504 : 1024 
prev_36x28_COMPRESSED_RGBA_ASTC_4x4_KHR.raw             : 126528 : 1024 
stop_36x28_COMPRESSED_RGBA_ASTC_4x4_KHR.raw             : 127552 : 1024 
